[preview.colorlib.com/theme/congoro/index.html]
[backblue.gif]
[fade.gif]
[index.html]
[preview.colorlib.com/theme/congoro/assets/img/icon/favicon.png]
[preview.colorlib.com/theme/congoro/assets/css/bootstrap.min.css]
[preview.colorlib.com/theme/congoro/assets/css/owl.carousel.min.css]
[preview.colorlib.com/theme/congoro/assets/css/slicknav.css]
[preview.colorlib.com/theme/congoro/assets/css/animate.min.css]
[preview.colorlib.com/theme/congoro/assets/css/magnific-popup.css]
[preview.colorlib.com/theme/congoro/assets/css/fontawesome-all.min.css]
[preview.colorlib.com/theme/congoro/assets/css/themify-icons.css]
[preview.colorlib.com/theme/congoro/assets/css/slick.css]
[preview.colorlib.com/theme/congoro/assets/css/nice-select.css]
[preview.colorlib.com/theme/congoro/assets/css/style.css]
[preview.colorlib.com/theme/congoro/index-2.html]
[preview.colorlib.com/theme/congoro/assets/img/logo/logo.png]
[preview.colorlib.com/theme/congoro/services.html]
[preview.colorlib.com/theme/congoro/project.html]
[preview.colorlib.com/theme/congoro/about.html]
[preview.colorlib.com/theme/congoro/blog.html]
[preview.colorlib.com/theme/congoro/blog_details.html]
[preview.colorlib.com/theme/congoro/contact.html]
[preview.colorlib.com/theme/congoro/elements.html]
[preview.colorlib.com/theme/congoro/assets/img/icon/call.svg]
[preview.colorlib.com/theme/congoro/assets/img/icon/air.svg]
[preview.colorlib.com/theme/congoro/assets/img/icon/time.svg]
[preview.colorlib.com/theme/congoro/assets/img/gallery/blog1.jpg]
[preview.colorlib.com/theme/congoro/assets/img/gallery/blog2.jpg]
[preview.colorlib.com/theme/congoro/assets/img/gallery/blog3.jpg]
[preview.colorlib.com/theme/congoro/assets/img/gallery/gallery1.jpg]
[preview.colorlib.com/theme/congoro/assets/img/gallery/gallery2.jpg]
[preview.colorlib.com/theme/congoro/assets/img/gallery/gallery3.jpg]
[preview.colorlib.com/theme/congoro/assets/img/gallery/about1.jpg]
[preview.colorlib.com/theme/congoro/assets/img/gallery/team1.jpg]
[preview.colorlib.com/theme/congoro/assets/img/gallery/team2.jpg]
[preview.colorlib.com/theme/congoro/assets/img/gallery/team3.jpg]
[preview.colorlib.com/theme/congoro/assets/img/gallery/team4.jpg]
[preview.colorlib.com/theme/congoro/assets/img/logo/logo2_footer.png]
[preview.colorlib.com/cdn-cgi/scripts/5c5dd728/cloudflare-static/email-decode.min.js]
[preview.colorlib.com/theme/congoro/assets/js/vendor/modernizr-3.5.0.min.js]
[preview.colorlib.com/theme/congoro/assets/js/vendor/jquery-1.12.4.min.js]
[preview.colorlib.com/theme/congoro/assets/js/popper.min.js]
[preview.colorlib.com/theme/congoro/assets/js/bootstrap.min.js]
[preview.colorlib.com/theme/congoro/assets/js/owl.carousel.min.js]
[preview.colorlib.com/theme/congoro/assets/js/slick.min.js]
[preview.colorlib.com/theme/congoro/assets/js/jquery.slicknav.min.js]
[preview.colorlib.com/theme/congoro/assets/js/hover-direction-snake.min.js]
[preview.colorlib.com/theme/congoro/assets/js/wow.min.js]
[preview.colorlib.com/theme/congoro/assets/js/jquery.nice-select.min.js]
[preview.colorlib.com/theme/congoro/assets/js/jquery.counterup.min.js]
[preview.colorlib.com/theme/congoro/assets/js/jquery.magnific-popup.js]
[preview.colorlib.com/theme/congoro/assets/js/waypoints.min.js]
[preview.colorlib.com/theme/congoro/assets/js/contact.js]
[preview.colorlib.com/theme/congoro/assets/js/jquery.form.js]
[preview.colorlib.com/theme/congoro/assets/js/jquery.validate.min.js]
[preview.colorlib.com/theme/congoro/assets/js/mail-script.js]
[preview.colorlib.com/theme/congoro/assets/js/jquery.ajaxchimp.min.js]
[preview.colorlib.com/theme/congoro/assets/js/plugins.js]
[preview.colorlib.com/theme/congoro/assets/js/main.js]
[preview.colorlib.com/theme/congoro/index.html]
[preview.colorlib.com/theme/congoro/assets/css/bootstrap.min.css]
[preview.colorlib.com/theme/congoro/assets/css/owl.video.play.png]
[preview.colorlib.com/theme/congoro/assets/css/owl.carousel.min.css]
[preview.colorlib.com/theme/congoro/assets/css/slicknav.css]
[preview.colorlib.com/theme/congoro/assets/css/animate.min.css]
[preview.colorlib.com/theme/congoro/assets/css/magnific-popup.css]
[preview.colorlib.com/theme/congoro/assets/fonts/fa-brands-400.eot]
[preview.colorlib.com/theme/congoro/assets/fonts/fa-brands-400d41d.eot]
[preview.colorlib.com/theme/congoro/assets/fonts/fa-brands-400.woff2]
[preview.colorlib.com/theme/congoro/assets/fonts/fa-brands-400.woff]
[preview.colorlib.com/theme/congoro/assets/fonts/fa-brands-400.ttf]
[preview.colorlib.com/theme/congoro/assets/fonts/fa-regular-400.eot]
[preview.colorlib.com/theme/congoro/assets/fonts/fa-regular-400.woff2]
[preview.colorlib.com/theme/congoro/assets/fonts/fa-regular-400d41d.eot]
[preview.colorlib.com/theme/congoro/assets/fonts/fa-brands-400.svg]
[preview.colorlib.com/theme/congoro/assets/fonts/fa-regular-400.woff]
[preview.colorlib.com/theme/congoro/assets/fonts/fa-regular-400.ttf]
[preview.colorlib.com/theme/congoro/assets/fonts/fa-regular-400.svg]
[preview.colorlib.com/theme/congoro/assets/fonts/fa-solid-900.woff2]
[preview.colorlib.com/theme/congoro/assets/fonts/fa-solid-900.woff]
[preview.colorlib.com/theme/congoro/assets/fonts/fa-solid-900.eot]
[preview.colorlib.com/theme/congoro/assets/fonts/fa-solid-900d41d.eot]
[preview.colorlib.com/theme/congoro/assets/css/fontawesome-all.min.css]
[preview.colorlib.com/theme/congoro/assets/fonts/fa-solid-900.ttf]
[preview.colorlib.com/theme/congoro/assets/fonts/themify9f24.eot]
[preview.colorlib.com/theme/congoro/assets/fonts/fa-solid-900.svg]
[preview.colorlib.com/theme/congoro/assets/fonts/themifyd41d.eot]
[preview.colorlib.com/theme/congoro/assets/fonts/themify9f24.woff]
[preview.colorlib.com/theme/congoro/assets/css/themify-icons.css]
[preview.colorlib.com/theme/congoro/assets/css/slick.css]
[preview.colorlib.com/theme/congoro/assets/css/nice-select.css]
[preview.colorlib.com/theme/congoro/assets/fonts/themify9f24.ttf]
[preview.colorlib.com/theme/congoro/assets/img/hero/hero2.jpg]
[preview.colorlib.com/theme/congoro/assets/fonts/themify9f24.svg]
[preview.colorlib.com/theme/congoro/assets/img/gallery/visit_bg.jpg]
[preview.colorlib.com/theme/congoro/assets/img/elements/primary-check.png]
[preview.colorlib.com/theme/congoro/assets/img/elements/success-check.png]
[preview.colorlib.com/theme/congoro/assets/img/elements/disabled-check.png]
[preview.colorlib.com/theme/congoro/assets/img/elements/primary-radio.png]
[preview.colorlib.com/theme/congoro/assets/img/elements/success-radio.png]
[preview.colorlib.com/theme/congoro/assets/img/elements/disabled-radio.png]
[preview.colorlib.com/theme/congoro/assets/css/style.css]
[preview.colorlib.com/theme/congoro/index-2.html]
[preview.colorlib.com/theme/congoro/assets/img/gallery/blog4.jpg]
[preview.colorlib.com/theme/congoro/assets/img/gallery/blog5.jpg]
[preview.colorlib.com/theme/congoro/assets/img/gallery/blog6.jpg]
[preview.colorlib.com/theme/congoro/services.html]
[preview.colorlib.com/theme/congoro/assets/img/gallery/gallery4.jpg]
[preview.colorlib.com/theme/congoro/assets/img/gallery/gallery5.jpg]
[preview.colorlib.com/theme/congoro/assets/img/gallery/gallery6.jpg]
[preview.colorlib.com/theme/congoro/project.html]
[preview.colorlib.com/theme/congoro/about.html]
[preview.colorlib.com/theme/congoro/assets/img/blog/single_blog_1.jpg]
[preview.colorlib.com/theme/congoro/assets/img/blog/single_blog_2.jpg]
[preview.colorlib.com/theme/congoro/assets/img/blog/single_blog_3.jpg]
[preview.colorlib.com/theme/congoro/assets/img/blog/single_blog_4.jpg]
[preview.colorlib.com/theme/congoro/assets/img/blog/single_blog_5.jpg]
[preview.colorlib.com/theme/congoro/assets/img/post/post_1.jpg]
[preview.colorlib.com/theme/congoro/assets/img/post/post_2.jpg]
[preview.colorlib.com/theme/congoro/assets/img/post/post_3.jpg]
[preview.colorlib.com/theme/congoro/assets/img/post/post_4.jpg]
[preview.colorlib.com/theme/congoro/assets/img/post/post_5.jpg]
[preview.colorlib.com/theme/congoro/assets/img/post/post_6.jpg]
[preview.colorlib.com/theme/congoro/assets/img/post/post_7.jpg]
[preview.colorlib.com/theme/congoro/assets/img/post/post_8.jpg]
[preview.colorlib.com/theme/congoro/assets/img/post/post_9.jpg]
[preview.colorlib.com/theme/congoro/assets/img/post/post_10.jpg]
[preview.colorlib.com/theme/congoro/blog.html]
[preview.colorlib.com/theme/congoro/assets/img/post/preview.jpg]
[preview.colorlib.com/theme/congoro/assets/img/post/next.jpg]
[preview.colorlib.com/theme/congoro/assets/img/blog/author.png]
[preview.colorlib.com/theme/congoro/assets/img/blog/comment_1.png]
[preview.colorlib.com/theme/congoro/assets/img/blog/comment_2.png]
[preview.colorlib.com/theme/congoro/assets/img/blog/comment_3.png]
[preview.colorlib.com/theme/congoro/blog_details.html]
[preview.colorlib.com/theme/congoro/assets/img/elements/d.jpg]
[preview.colorlib.com/theme/congoro/assets/img/elements/f1.jpg]
[preview.colorlib.com/theme/congoro/assets/img/elements/f2.jpg]
[preview.colorlib.com/theme/congoro/assets/img/elements/f3.jpg]
[preview.colorlib.com/theme/congoro/assets/img/elements/f4.jpg]
[preview.colorlib.com/theme/congoro/assets/img/elements/f5.jpg]
[preview.colorlib.com/theme/congoro/assets/img/elements/f6.jpg]
[preview.colorlib.com/theme/congoro/assets/img/elements/f7.jpg]
[preview.colorlib.com/theme/congoro/assets/img/elements/f8.jpg]
[preview.colorlib.com/theme/congoro/assets/img/elements/g1.jpg]
[preview.colorlib.com/theme/congoro/assets/img/elements/g2.jpg]
[preview.colorlib.com/theme/congoro/assets/img/elements/g3.jpg]
[preview.colorlib.com/theme/congoro/assets/img/elements/g4.jpg]
[preview.colorlib.com/theme/congoro/assets/img/elements/g5.jpg]
[preview.colorlib.com/theme/congoro/assets/img/elements/g6.jpg]
[preview.colorlib.com/theme/congoro/assets/img/elements/g7.jpg]
[preview.colorlib.com/theme/congoro/assets/img/elements/g8.jpg]
[preview.colorlib.com/theme/congoro/elements.html]
[preview.colorlib.com/theme/congoro/_https_/maps.gstatic.com/mapfiles/openhand_8_8.cur_]
[maps.gstatic.com/mapfiles/api-3/images/google_white5.png]
[preview.colorlib.com/theme/congoro/contact.html]
[preview.colorlib.com/theme/congoro/assets/img/icon/call.svg]
[preview.colorlib.com/theme/congoro/assets/img/icon/air.svg]
[preview.colorlib.com/theme/congoro/assets/img/icon/time.svg]
[preview.colorlib.com/theme/congoro/assets/css/owl.video.play.html]
[preview.colorlib.com/theme/congoro/assets/fonts/fa-brands-400.svg]
[preview.colorlib.com/theme/congoro/assets/fonts/fa-regular-400.svg]
[preview.colorlib.com/theme/congoro/assets/fonts/fa-solid-900.svg]
[preview.colorlib.com/theme/congoro/assets/fonts/themify9f24.svg]
[preview.colorlib.com/theme/congoro/_https_/maps.gstatic.com/mapfiles/openhand_8_8.html]
